// Jest Snapshot v1, https://goo.gl/fbAQLP

exports[`Link changes the class when hovered 1`] = `
<div>
  <h1>
    The Pizza
  </h1>
  <div>
    <img
      src={
        Object {
          "process": [Function],
        }
      }
    />
  </div>
</div>
`;
